// Jest Snapshot v1, https://goo.gl/fbAQLP

exports[`renders day unchanged 1`] = `
<div>
  <div
    class="bg-white col-span-1 col-start-1 col-end-1 border-r-2 text-xs"
    data-testid="hour-1"
  >
    01:00
  </div>
</div>
`;
