// Jest Snapshot v1, https://goo.gl/fbAQLP

exports[`renders header unchanged 1`] = `
<div>
  <header
    class="flex flex-row w-full justify-center py-2 bg-black border-slate-800 border-b-2"
  >
    <div
      class="flex justify-between flex-row gap-2 max-w-7xl flex-1 items-center"
    >
      <img
        alt="Trip secretary Logo"
        class="relative dark:drop-shadow-[0_0_0.3rem_#ffffff70] dark:invert"
        data-nimg="1"
        decoding="async"
        fetchpriority="high"
        height="60"
        src="/logo.svg"
        style="color: transparent;"
        width="60"
      />
      <h2
        class="text-3xl font-bold"
      >
        Trip Secretary
      </h2>
      <div
        class="flex flex-row items-center cursor-pointer"
      >
        <svg
          aria-hidden="true"
          class="h-10 flex-shrink-0 dark:drop-shadow-[0_0_0.3rem_#ffffff70]"
          data-slot="icon"
          fill="currentColor"
          viewBox="0 0 24 24"
          xmlns="http://www.w3.org/2000/svg"
        >
          <path
            clip-rule="evenodd"
            d="M18.685 19.097A9.723 9.723 0 0 0 21.75 12c0-5.385-4.365-9.75-9.75-9.75S2.25 6.615 2.25 12a9.723 9.723 0 0 0 3.065 7.097A9.716 9.716 0 0 0 12 21.75a9.716 9.716 0 0 0 6.685-2.653Zm-12.54-1.285A7.486 7.486 0 0 1 12 15a7.486 7.486 0 0 1 5.855 2.812A8.224 8.224 0 0 1 12 20.25a8.224 8.224 0 0 1-5.855-2.438ZM15.75 9a3.75 3.75 0 1 1-7.5 0 3.75 3.75 0 0 1 7.5 0Z"
            fill-rule="evenodd"
          />
        </svg>
        <svg
          aria-hidden="true"
          class="flex-shrink-0 h-5"
          data-slot="icon"
          fill="currentColor"
          viewBox="0 0 24 24"
          xmlns="http://www.w3.org/2000/svg"
        >
          <path
            clip-rule="evenodd"
            d="M12.53 16.28a.75.75 0 0 1-1.06 0l-7.5-7.5a.75.75 0 0 1 1.06-1.06L12 14.69l6.97-6.97a.75.75 0 1 1 1.06 1.06l-7.5 7.5Z"
            fill-rule="evenodd"
          />
        </svg>
      </div>
    </div>
    <line />
  </header>
</div>
`;
